SQL> 
SQL> /*
SQL>Databases Week 7 Tutorial
SQL>week7_schema_alter.sql
SQL>
SQL>Author: Poon Yeong Shian
SQL>
SQL>*/
SQL> 
SQL> -- 7.1
SQL> -- DDL for Student-Unit-Enrolment model (using ALTER TABLE)
SQL> --
SQL> 
SQL> --
SQL> -- Place DROP commands at head of schema file
SQL> --
SQL> DROP TABLE student CASCADE CONSTRAINTS;

Table STUDENT dropped.

SQL> DROP TABLE unit CASCADE CONSTRAINTS;

Table UNIT dropped.

SQL> DROP TABLE enrolment CASCADE CONSTRAINTS;

Table ENROLMENT dropped.

SQL> 
SQL> 
SQL> 
SQL> 
SQL> -- Create Tables
SQL> -- Here using both table and column constraints
SQL> --
SQL> 
SQL> CREATE TABLE student (
  2      stu_nbr     NUMBER(8) NOT NULL,
  3      stu_lname   VARCHAR2(50) NOT NULL,
  4      stu_fname   VARCHAR2(50) NOT NULL,
  5      stu_dob     DATE NOT NULL
  6  );

Table STUDENT created.

SQL> 
SQL> COMMENT ON COLUMN student.stu_nbr IS
  2      'Student number';

Comment created.

SQL> 
SQL> COMMENT ON COLUMN student.stu_lname IS
  2      'Student last name';

Comment created.

SQL> 
SQL> COMMENT ON COLUMN student.stu_fname IS
  2      'Student first name';

Comment created.

SQL> 
SQL> COMMENT ON COLUMN student.stu_dob IS
  2      'Student date of birth';

Comment created.

SQL> 
SQL> /* Add STUDENT constraints here */
SQL> ALTER TABLE student ADD CONSTRAINT stu_pk PRIMARY KEY ( stu_nbr );

Table STUDENT altered.

SQL> ALTER TABLE student ADD CONSTRAINT stu_chk CHECK (stu_nbr > 10000000);

Table STUDENT altered.

SQL> --SELECT * FROM user_constraints WHERE TABLE_NAME = 'STUDENT';
SQL> --DESC student;
SQL> 
SQL> /* Add UNIT data types here */
SQL> CREATE TABLE unit (
  2      unit_code CHAR(7) NOT NULL ,
  3      unit_name VARCHAR2(50)  NOT NULL
  4  );

Table UNIT created.

SQL> 
SQL> COMMENT ON COLUMN unit.unit_code IS
  2      'Unit code';

Comment created.

SQL> 
SQL> COMMENT ON COLUMN unit.unit_name IS
  2      'Unit name';

Comment created.

SQL> 
SQL> /* Add UNIT constraints here */
SQL> ALTER TABLE unit ADD CONSTRAINT unit_pk PRIMARY KEY ( unit_code );

Table UNIT altered.

SQL> ALTER TABLE unit ADD CONSTRAINT unit_uni UNIQUE ( unit_name);

Table UNIT altered.

SQL> 
SQL> /* Add ENROLMENT attributes and data types here */
SQL> CREATE TABLE enrolment (
  2      stu_nbr NUMBER(8),
  3      unit_code CHAR(7),
  4      enrol_year NUMBER(4),
  5      enrol_semester CHAR(1),
  6      enrol_mark NUMBER(3),
  7      enrol_grade CHAR(2)
  8  );

Table ENROLMENT created.

SQL> 
SQL> COMMENT ON COLUMN enrolment.stu_nbr IS
  2      'Student number';

Comment created.

SQL> 
SQL> COMMENT ON COLUMN enrolment.unit_code IS
  2      'Unit code';

Comment created.

SQL> 
SQL> COMMENT ON COLUMN enrolment.enrol_year IS
  2      'Enrolment year';

Comment created.

SQL> 
SQL> COMMENT ON COLUMN enrolment.enrol_semester IS
  2      'Enrolment semester';

Comment created.

SQL> 
SQL> COMMENT ON COLUMN enrolment.enrol_mark IS
  2      'Enrolment mark (real)';

Comment created.

SQL> 
SQL> COMMENT ON COLUMN enrolment.enrol_grade IS
  2      'Enrolment grade (letter)';

Comment created.

SQL> 
SQL> /* Add ENROLMENT constraints here */
SQL> ALTER TABLE enrolment ADD CONSTRAINT enrolment_pk PRIMARY KEY ( stu_nbr, unit_code, enrol_year, enrol_semester );

Table ENROLMENT altered.

SQL> ALTER TABLE enrolment ADD CONSTRAINT enrolment_unit FOREIGN KEY ( unit_code ) REFERENCES unit ( unit_code );

Table ENROLMENT altered.

SQL> ALTER TABLE enrolment ADD CONSTRAINT enrolment_student FOREIGN KEY ( stu_nbr ) REFERENCES unit ( stu_nbr );

Error starting at line : 103 in command -
ALTER TABLE enrolment ADD CONSTRAINT enrolment_student FOREIGN KEY ( stu_nbr ) REFERENCES unit ( stu_nbr )
Error report -
ORA-00904: "STU_NBR": invalid identifier
00904. 00000 -  "%s: invalid identifier"
*Cause:    
*Action:
SQL> 
SQL> SPOOL OFF
